---
source: src/logic.rs
expression: a
---
- 174
- 108
- 145
- 15
- 43
- 99
- 36
- 10
- 139
- 82
- 201
- 202
- 142
- 242
- 99
- 74
- 61
- 193
- 187
- 44
- 151
- 217
- 248
- 206
- 180
- 209
- 90
- 215
- 232
- 66
- 175
- 204
- 169
- 225
- 82
- 128
- 30
- 94
- 110
- 70
- 3
- 59
- 48
- 108
- 176
- 169
- 159
- 62
- 187
- 88
- 65
- 125
- 161
- 12
- 43
- 23
- 172
- 246
- 74
- 228
- 121
- 195
- 177
- 111

